[
  {
    "id": "B4-Q16.r4.1",
    "status": "split_level_2",
    "counts": [
      14,
      3215,
      94,
      121
    ],
    "runnable": 3
  },
  {
    "id": "B4-Q21.r4.4",
    "status": "split_level_2",
    "counts": [
      223,
      192,
      0
    ],
    "runnable": 3
  },
  {
    "id": "B4-Q24.r4.1",
    "status": "split_level_2",
    "counts": [
      205,
      680,
      680
    ],
    "runnable": 1
  },
  {
    "id": "B4-Q24.r4.4",
    "status": "split_level_2",
    "counts": [
      258,
      903,
      903
    ],
    "runnable": 1
  },
  {
    "id": "B4-Q41.r4.4",
    "status": "split_level_2",
    "counts": [
      0,
      0,
      629,
      9,
      3
    ],
    "runnable": 4
  },
  {
    "id": "B4-Q42.r4.1",
    "status": "split_level_2",
    "counts": [
      540,
      51,
      42
    ],
    "runnable": 2
  },
  {
    "id": "B4-Q46.r4.3",
    "status": "split_level_2",
    "counts": [
      164,
      14,
      100,
      32,
      16,
      209
    ],
    "runnable": 6
  },
  {
    "id": "B4-Q47.r4.1",
    "status": "split_level_2",
    "counts": [
      32,
      282,
      71,
      78,
      29
    ],
    "runnable": 5
  },
  {
    "id": "B4-Q48.r4.1",
    "status": "split_level_2",
    "counts": [
      493,
      1624,
      1387
    ],
    "runnable": 0
  },
  {
    "id": "B4-XC01.r4.4",
    "status": "split_level_2",
    "counts": [
      139,
      353,
      72,
      107
    ],
    "runnable": 3
  },
  {
    "id": "B4-XC01.r4.5",
    "status": "split_level_2",
    "counts": [
      577,
      253,
      155,
      535
    ],
    "runnable": 2
  },
  {
    "id": "B4-XC02.r4.1",
    "status": "split_level_2",
    "counts": [
      21,
      19,
      489,
      2
    ],
    "runnable": 3
  },
  {
    "id": "B4-Q16.r4.1.2",
    "status": "REFINEMENT_EXHAUSTED",
    "count": 3215
  },
  {
    "id": "B4-Q24.r4.1.2",
    "status": "REFINEMENT_EXHAUSTED",
    "count": 680
  },
  {
    "id": "B4-Q24.r4.1.3",
    "status": "REFINEMENT_EXHAUSTED",
    "count": 680
  },
  {
    "id": "B4-Q24.r4.4.2",
    "status": "REFINEMENT_EXHAUSTED",
    "count": 903
  },
  {
    "id": "B4-Q24.r4.4.3",
    "status": "REFINEMENT_EXHAUSTED",
    "count": 903
  },
  {
    "id": "B4-Q41.r4.4.3",
    "status": "split_level_3",
    "counts": [
      59,
      20,
      126,
      400,
      91
    ],
    "runnable": 4
  },
  {
    "id": "B4-Q42.r4.1.1",
    "status": "split_level_3",
    "counts": [
      540,
      540
    ],
    "runnable": 0
  },
  {
    "id": "B4-Q48.r4.1.1",
    "status": "split_level_3",
    "counts": [
      411,
      87
    ],
    "runnable": 1
  },
  {
    "id": "B4-Q48.r4.1.2",
    "status": "REFINEMENT_EXHAUSTED",
    "count": 1624
  },
  {
    "id": "B4-Q48.r4.1.3",
    "status": "REFINEMENT_EXHAUSTED",
    "count": 1387
  },
  {
    "id": "B4-XC01.r4.4.2",
    "status": "split_level_3",
    "counts": [
      225,
      225,
      192
    ],
    "runnable": 3
  },
  {
    "id": "B4-XC01.r4.5.1",
    "status": "REFINEMENT_EXHAUSTED",
    "count": 577
  },
  {
    "id": "B4-XC01.r4.5.4",
    "status": "REFINEMENT_EXHAUSTED",
    "count": 535
  },
  {
    "id": "B4-XC02.r4.1.3",
    "status": "split_level_3",
    "counts": [
      97,
      70,
      226,
      143
    ],
    "runnable": 4
  },
  {
    "id": "B4-Q41.r4.4.3.4",
    "status": "split_level_4",
    "counts": [
      376,
      28
    ],
    "runnable": 1
  },
  {
    "id": "B4-Q42.r4.1.1.1",
    "status": "REFINEMENT_EXHAUSTED",
    "count": 540
  },
  {
    "id": "B4-Q42.r4.1.1.2",
    "status": "REFINEMENT_EXHAUSTED",
    "count": 540
  },
  {
    "id": "B4-Q48.r4.1.1.1",
    "status": "REFINEMENT_EXHAUSTED",
    "count": 411
  }
]
