[
  {
    "query_id": "B4-Q01",
    "source": "scopus",
    "status": "REFINEMENT_REQUIRED",
    "count": 622,
    "hits": 0,
    "log_id": "B4-L00802",
    "run_dir": "/Users/tagir.fabarisov/Documents/SAMP-LitSearch/block4_pipeline/data/raw/scopus/B4-Q01/20260930T101552Z"
  },
  {
    "query_id": "B4-Q01.r1",
    "source": "scopus",
    "status": "already_done",
    "log_id": "B4-L00674"
  },
  {
    "query_id": "B4-Q02",
    "source": "scopus",
    "status": "REFINEMENT_REQUIRED",
    "count": 1178,
    "hits": 0,
    "log_id": "B4-L00803",
    "run_dir": "/Users/tagir.fabarisov/Documents/SAMP-LitSearch/block4_pipeline/data/raw/scopus/B4-Q02/20260930T101553Z"
  },
  {
    "query_id": "B4-Q02.r1",
    "source": "scopus",
    "status": "already_done",
    "log_id": "B4-L00676"
  },
  {
    "query_id": "B4-Q03",
    "source": "scopus",
    "status": "REFINEMENT_REQUIRED",
    "count": 626,
    "hits": 0,
    "log_id": "B4-L00804",
    "run_dir": "/Users/tagir.fabarisov/Documents/SAMP-LitSearch/block4_pipeline/data/raw/scopus/B4-Q03/20260930T101553Z"
  },
  {
    "query_id": "B4-Q03.r1",
    "source": "scopus",
    "status": "already_done",
    "log_id": "B4-L00678"
  },
  {
    "query_id": "B4-Q04",
    "source": "scopus",
    "status": "already_done",
    "log_id": "B4-L00529"
  },
  {
    "query_id": "B4-Q05",
    "source": "scopus",
    "status": "REFINEMENT_REQUIRED",
    "count": 397,
    "hits": 0,
    "log_id": "B4-L00805",
    "run_dir": "/Users/tagir.fabarisov/Documents/SAMP-LitSearch/block4_pipeline/data/raw/scopus/B4-Q05/20260930T101554Z"
  },
  {
    "query_id": "B4-Q05.r1",
    "source": "scopus",
    "status": "already_done",
    "log_id": "B4-L00680"
  },
  {
    "query_id": "B4-Q06",
    "source": "scopus",
    "status": "REFINEMENT_REQUIRED",
    "count": 444,
    "hits": 0,
    "log_id": "B4-L00806",
    "run_dir": "/Users/tagir.fabarisov/Documents/SAMP-LitSearch/block4_pipeline/data/raw/scopus/B4-Q06/20260930T101555Z"
  },
  {
    "query_id": "B4-Q06.r1",
    "source": "scopus",
    "status": "already_done",
    "log_id": "B4-L00682"
  },
  {
    "query_id": "B4-Q07",
    "source": "scopus",
    "status": "REFINEMENT_REQUIRED",
    "count": 698,
    "hits": 0,
    "log_id": "B4-L00807",
    "run_dir": "/Users/tagir.fabarisov/Documents/SAMP-LitSearch/block4_pipeline/data/raw/scopus/B4-Q07/20260930T101555Z"
  },
  {
    "query_id": "B4-Q07.r1",
    "source": "scopus",
    "status": "already_done",
    "log_id": "B4-L00684"
  },
  {
    "query_id": "B4-Q08",
    "source": "scopus",
    "status": "REFINEMENT_REQUIRED",
    "count": 606,
    "hits": 0,
    "log_id": "B4-L00808",
    "run_dir": "/Users/tagir.fabarisov/Documents/SAMP-LitSearch/block4_pipeline/data/raw/scopus/B4-Q08/20260930T101556Z"
  },
  {
    "query_id": "B4-Q08.r1",
    "source": "scopus",
    "status": "already_done",
    "log_id": "B4-L00686"
  },
  {
    "query_id": "B4-Q09",
    "source": "scopus",
    "status": "already_done",
    "log_id": "B4-L00534"
  },
  {
    "query_id": "B4-Q10",
    "source": "scopus",
    "status": "REFINEMENT_REQUIRED",
    "count": 9269,
    "hits": 0,
    "log_id": "B4-L00809",
    "run_dir": "/Users/tagir.fabarisov/Documents/SAMP-LitSearch/block4_pipeline/data/raw/scopus/B4-Q10/20260930T101556Z"
  },
  {
    "query_id": "B4-Q10.r2",
    "source": "scopus",
    "status": "already_done",
    "log_id": "B4-L00688"
  },
  {
    "query_id": "B4-Q11",
    "source": "scopus",
    "status": "REFINEMENT_REQUIRED",
    "count": 683,
    "hits": 0,
    "log_id": "B4-L00810",
    "run_dir": "/Users/tagir.fabarisov/Documents/SAMP-LitSearch/block4_pipeline/data/raw/scopus/B4-Q11/20260930T101557Z"
  },
  {
    "query_id": "B4-Q11.r1",
    "source": "scopus",
    "status": "already_done",
    "log_id": "B4-L00690"
  },
  {
    "query_id": "B4-Q12",
    "source": "scopus",
    "status": "already_done",
    "log_id": "B4-L00537"
  },
  {
    "query_id": "B4-Q13",
    "source": "scopus",
    "status": "REFINEMENT_REQUIRED",
    "count": 697,
    "hits": 0,
    "log_id": "B4-L00811",
    "run_dir": "/Users/tagir.fabarisov/Documents/SAMP-LitSearch/block4_pipeline/data/raw/scopus/B4-Q13/20260930T101558Z"
  },
  {
    "query_id": "B4-Q13.r1",
    "source": "scopus",
    "status": "already_done",
    "log_id": "B4-L00692"
  },
  {
    "query_id": "B4-Q14",
    "source": "scopus",
    "status": "REFINEMENT_REQUIRED",
    "count": 2185,
    "hits": 0,
    "log_id": "B4-L00812",
    "run_dir": "/Users/tagir.fabarisov/Documents/SAMP-LitSearch/block4_pipeline/data/raw/scopus/B4-Q14/20260930T101559Z"
  },
  {
    "query_id": "B4-Q14.r1",
    "source": "scopus",
    "status": "already_done",
    "log_id": "B4-L00694"
  },
  {
    "query_id": "B4-Q15",
    "source": "scopus",
    "status": "REFINEMENT_REQUIRED",
    "count": 648,
    "hits": 0,
    "log_id": "B4-L00813",
    "run_dir": "/Users/tagir.fabarisov/Documents/SAMP-LitSearch/block4_pipeline/data/raw/scopus/B4-Q15/20260930T101559Z"
  },
  {
    "query_id": "B4-Q15.r1",
    "source": "scopus",
    "status": "already_done",
    "log_id": "B4-L00696"
  },
  {
    "query_id": "B4-Q16",
    "source": "scopus",
    "status": "REFINEMENT_REQUIRED",
    "count": 3299,
    "hits": 0,
    "log_id": "B4-L00814",
    "run_dir": "/Users/tagir.fabarisov/Documents/SAMP-LitSearch/block4_pipeline/data/raw/scopus/B4-Q16/20260930T101600Z"
  },
  {
    "query_id": "B4-Q16.r3",
    "source": "scopus",
    "status": "already_done",
    "log_id": "B4-L00698"
  },
  {
    "query_id": "B4-Q17",
    "source": "scopus",
    "status": "REFINEMENT_REQUIRED",
    "count": 2689,
    "hits": 0,
    "log_id": "B4-L00815",
    "run_dir": "/Users/tagir.fabarisov/Documents/SAMP-LitSearch/block4_pipeline/data/raw/scopus/B4-Q17/20260930T101600Z"
  },
  {
    "query_id": "B4-Q17.r1",
    "source": "scopus",
    "status": "already_done",
    "log_id": "B4-L00700"
  },
  {
    "query_id": "B4-Q18",
    "source": "scopus",
    "status": "already_done",
    "log_id": "B4-L00543"
  },
  {
    "query_id": "B4-Q19",
    "source": "scopus",
    "status": "REFINEMENT_REQUIRED",
    "count": 18321,
    "hits": 0,
    "log_id": "B4-L00816",
    "run_dir": "/Users/tagir.fabarisov/Documents/SAMP-LitSearch/block4_pipeline/data/raw/scopus/B4-Q19/20260930T101601Z"
  },
  {
    "query_id": "B4-Q19.r2",
    "source": "scopus",
    "status": "already_done",
    "log_id": "B4-L00702"
  },
  {
    "query_id": "B4-Q20",
    "source": "scopus",
    "status": "REFINEMENT_REQUIRED",
    "count": 514,
    "hits": 0,
    "log_id": "B4-L00817",
    "run_dir": "/Users/tagir.fabarisov/Documents/SAMP-LitSearch/block4_pipeline/data/raw/scopus/B4-Q20/20260930T101602Z"
  },
  {
    "query_id": "B4-Q20.r1",
    "source": "scopus",
    "status": "already_done",
    "log_id": "B4-L00704"
  },
  {
    "query_id": "B4-Q21",
    "source": "scopus",
    "status": "REFINEMENT_REQUIRED",
    "count": 450,
    "hits": 0,
    "log_id": "B4-L00818",
    "run_dir": "/Users/tagir.fabarisov/Documents/SAMP-LitSearch/block4_pipeline/data/raw/scopus/B4-Q21/20260930T101602Z"
  },
  {
    "query_id": "B4-Q21.r1",
    "source": "scopus",
    "status": "already_done",
    "log_id": "B4-L00706"
  },
  {
    "query_id": "B4-Q22",
    "source": "scopus",
    "status": "REFINEMENT_REQUIRED",
    "count": 4110,
    "hits": 0,
    "log_id": "B4-L00819",
    "run_dir": "/Users/tagir.fabarisov/Documents/SAMP-LitSearch/block4_pipeline/data/raw/scopus/B4-Q22/20260930T101603Z"
  },
  {
    "query_id": "B4-Q22.r2",
    "source": "scopus",
    "status": "already_done",
    "log_id": "B4-L00708"
  },
  {
    "query_id": "B4-Q23",
    "source": "scopus",
    "status": "REFINEMENT_REQUIRED",
    "count": 310,
    "hits": 0,
    "log_id": "B4-L00820",
    "run_dir": "/Users/tagir.fabarisov/Documents/SAMP-LitSearch/block4_pipeline/data/raw/scopus/B4-Q23/20260930T101612Z"
  },
  {
    "query_id": "B4-Q23.r1",
    "source": "scopus",
    "status": "already_done",
    "log_id": "B4-L00710"
  },
  {
    "query_id": "B4-Q24",
    "source": "scopus",
    "status": "REFINEMENT_REQUIRED",
    "count": 4092,
    "hits": 0,
    "log_id": "B4-L00821",
    "run_dir": "/Users/tagir.fabarisov/Documents/SAMP-LitSearch/block4_pipeline/data/raw/scopus/B4-Q24/20260930T101612Z"
  },
  {
    "query_id": "B4-Q24.r4.1.1",
    "source": "scopus",
    "status": "done",
    "count": 48,
    "hits": 48,
    "log_id": "B4-L00822",
    "run_dir": "/Users/tagir.fabarisov/Documents/SAMP-LitSearch/block4_pipeline/data/raw/scopus/B4-Q24.r4.1.1/20260930T101613Z"
  },
  {
    "query_id": "B4-Q24.r4.2",
    "source": "scopus",
    "status": "already_done",
    "log_id": "B4-L00712"
  },
  {
    "query_id": "B4-Q24.r4.3",
    "source": "scopus",
    "status": "already_done",
    "log_id": "B4-L00713"
  },
  {
    "query_id": "B4-Q24.r4.4.1",
    "source": "scopus",
    "status": "done",
    "count": 62,
    "hits": 62,
    "log_id": "B4-L00823",
    "run_dir": "/Users/tagir.fabarisov/Documents/SAMP-LitSearch/block4_pipeline/data/raw/scopus/B4-Q24.r4.4.1/20260930T101615Z"
  },
  {
    "query_id": "B4-Q25",
    "source": "scopus",
    "status": "REFINEMENT_REQUIRED",
    "count": 5480,
    "hits": 0,
    "log_id": "B4-L00824",
    "run_dir": "/Users/tagir.fabarisov/Documents/SAMP-LitSearch/block4_pipeline/data/raw/scopus/B4-Q25/20260930T101618Z"
  },
  {
    "query_id": "B4-Q25.r2",
    "source": "scopus",
    "status": "already_done",
    "log_id": "B4-L00715"
  },
  {
    "query_id": "B4-Q26",
    "source": "scopus",
    "status": "REFINEMENT_REQUIRED",
    "count": 842,
    "hits": 0,
    "log_id": "B4-L00825",
    "run_dir": "/Users/tagir.fabarisov/Documents/SAMP-LitSearch/block4_pipeline/data/raw/scopus/B4-Q26/20260930T101618Z"
  },
  {
    "query_id": "B4-Q26.r1",
    "source": "scopus",
    "status": "already_done",
    "log_id": "B4-L00717"
  },
  {
    "query_id": "B4-Q27",
    "source": "scopus",
    "status": "already_done",
    "log_id": "B4-L00552"
  },
  {
    "query_id": "B4-Q28",
    "source": "scopus",
    "status": "REFINEMENT_REQUIRED",
    "count": 328,
    "hits": 0,
    "log_id": "B4-L00826",
    "run_dir": "/Users/tagir.fabarisov/Documents/SAMP-LitSearch/block4_pipeline/data/raw/scopus/B4-Q28/20260930T101619Z"
  },
  {
    "query_id": "B4-Q28.r1",
    "source": "scopus",
    "status": "already_done",
    "log_id": "B4-L00719"
  },
  {
    "query_id": "B4-Q29",
    "source": "scopus",
    "status": "REFINEMENT_REQUIRED",
    "count": 894,
    "hits": 0,
    "log_id": "B4-L00827",
    "run_dir": "/Users/tagir.fabarisov/Documents/SAMP-LitSearch/block4_pipeline/data/raw/scopus/B4-Q29/20260930T101619Z"
  },
  {
    "query_id": "B4-Q29.r2",
    "source": "scopus",
    "status": "already_done",
    "log_id": "B4-L00721"
  },
  {
    "query_id": "B4-Q30",
    "source": "scopus",
    "status": "REFINEMENT_REQUIRED",
    "count": 536,
    "hits": 0,
    "log_id": "B4-L00828",
    "run_dir": "/Users/tagir.fabarisov/Documents/SAMP-LitSearch/block4_pipeline/data/raw/scopus/B4-Q30/20260930T101620Z"
  },
  {
    "query_id": "B4-Q30.r1",
    "source": "scopus",
    "status": "already_done",
    "log_id": "B4-L00723"
  },
  {
    "query_id": "B4-Q31",
    "source": "scopus",
    "status": "REFINEMENT_REQUIRED",
    "count": 3012,
    "hits": 0,
    "log_id": "B4-L00829",
    "run_dir": "/Users/tagir.fabarisov/Documents/SAMP-LitSearch/block4_pipeline/data/raw/scopus/B4-Q31/20260930T101621Z"
  },
  {
    "query_id": "B4-Q31.r2",
    "source": "scopus",
    "status": "already_done",
    "log_id": "B4-L00725"
  },
  {
    "query_id": "B4-Q32",
    "source": "scopus",
    "status": "already_done",
    "log_id": "B4-L00557"
  },
  {
    "query_id": "B4-Q33",
    "source": "scopus",
    "status": "REFINEMENT_REQUIRED",
    "count": 689,
    "hits": 0,
    "log_id": "B4-L00830",
    "run_dir": "/Users/tagir.fabarisov/Documents/SAMP-LitSearch/block4_pipeline/data/raw/scopus/B4-Q33/20260930T101621Z"
  },
  {
    "query_id": "B4-Q33.r1",
    "source": "scopus",
    "status": "already_done",
    "log_id": "B4-L00727"
  },
  {
    "query_id": "B4-Q34",
    "source": "scopus",
    "status": "REFINEMENT_REQUIRED",
    "count": 3675,
    "hits": 0,
    "log_id": "B4-L00831",
    "run_dir": "/Users/tagir.fabarisov/Documents/SAMP-LitSearch/block4_pipeline/data/raw/scopus/B4-Q34/20260930T101622Z"
  },
  {
    "query_id": "B4-Q34.r2",
    "source": "scopus",
    "status": "already_done",
    "log_id": "B4-L00729"
  },
  {
    "query_id": "B4-Q35",
    "source": "scopus",
    "status": "REFINEMENT_REQUIRED",
    "count": 23027,
    "hits": 0,
    "log_id": "B4-L00832",
    "run_dir": "/Users/tagir.fabarisov/Documents/SAMP-LitSearch/block4_pipeline/data/raw/scopus/B4-Q35/20260930T101623Z"
  },
  {
    "query_id": "B4-Q35.r2",
    "source": "scopus",
    "status": "already_done",
    "log_id": "B4-L00731"
  },
  {
    "query_id": "B4-Q36",
    "source": "scopus",
    "status": "already_done",
    "log_id": "B4-L00561"
  },
  {
    "query_id": "B4-Q37",
    "source": "scopus",
    "status": "REFINEMENT_REQUIRED",
    "count": 5316,
    "hits": 0,
    "log_id": "B4-L00833",
    "run_dir": "/Users/tagir.fabarisov/Documents/SAMP-LitSearch/block4_pipeline/data/raw/scopus/B4-Q37/20260930T101623Z"
  },
  {
    "query_id": "B4-Q37.r2",
    "source": "scopus",
    "status": "already_done",
    "log_id": "B4-L00733"
  },
  {
    "query_id": "B4-Q38",
    "source": "scopus",
    "status": "REFINEMENT_REQUIRED",
    "count": 14354,
    "hits": 0,
    "log_id": "B4-L00834",
    "run_dir": "/Users/tagir.fabarisov/Documents/SAMP-LitSearch/block4_pipeline/data/raw/scopus/B4-Q38/20260930T101624Z"
  },
  {
    "query_id": "B4-Q38.r2",
    "source": "scopus",
    "status": "already_done",
    "log_id": "B4-L00735"
  },
  {
    "query_id": "B4-Q39",
    "source": "scopus",
    "status": "REFINEMENT_REQUIRED",
    "count": 1959,
    "hits": 0,
    "log_id": "B4-L00835",
    "run_dir": "/Users/tagir.fabarisov/Documents/SAMP-LitSearch/block4_pipeline/data/raw/scopus/B4-Q39/20260930T101625Z"
  },
  {
    "query_id": "B4-Q39.r1",
    "source": "scopus",
    "status": "already_done",
    "log_id": "B4-L00737"
  },
  {
    "query_id": "B4-Q40",
    "source": "scopus",
    "status": "REFINEMENT_REQUIRED",
    "count": 2603,
    "hits": 0,
    "log_id": "B4-L00836",
    "run_dir": "/Users/tagir.fabarisov/Documents/SAMP-LitSearch/block4_pipeline/data/raw/scopus/B4-Q40/20260930T101625Z"
  },
  {
    "query_id": "B4-Q40.r2",
    "source": "scopus",
    "status": "already_done",
    "log_id": "B4-L00739"
  },
  {
    "query_id": "B4-Q41",
    "source": "scopus",
    "status": "REFINEMENT_REQUIRED",
    "count": 30249,
    "hits": 0,
    "log_id": "B4-L00837",
    "run_dir": "/Users/tagir.fabarisov/Documents/SAMP-LitSearch/block4_pipeline/data/raw/scopus/B4-Q41/20260930T101626Z"
  },
  {
    "query_id": "B4-Q41.r4.1",
    "source": "scopus",
    "status": "already_done",
    "log_id": "B4-L00741"
  },
  {
    "query_id": "B4-Q41.r4.2",
    "source": "scopus",
    "status": "already_done",
    "log_id": "B4-L00742"
  },
  {
    "query_id": "B4-Q41.r4.3",
    "source": "scopus",
    "status": "already_done",
    "log_id": "B4-L00743"
  },
  {
    "query_id": "B4-Q41.r4.4.1",
    "source": "scopus",
    "status": "done",
    "count": 0,
    "hits": 0,
    "log_id": "B4-L00838",
    "run_dir": "/Users/tagir.fabarisov/Documents/SAMP-LitSearch/block4_pipeline/data/raw/scopus/B4-Q41.r4.4.1/20260930T101627Z"
  },
  {
    "query_id": "B4-Q41.r4.4.2",
    "source": "scopus",
    "status": "done",
    "count": 1,
    "hits": 1,
    "log_id": "B4-L00839",
    "run_dir": "/Users/tagir.fabarisov/Documents/SAMP-LitSearch/block4_pipeline/data/raw/scopus/B4-Q41.r4.4.2/20260930T101627Z"
  },
  {
    "query_id": "B4-Q41.r4.4.3.1",
    "source": "scopus",
    "status": "done",
    "count": 31,
    "hits": 31,
    "log_id": "B4-L00840",
    "run_dir": "/Users/tagir.fabarisov/Documents/SAMP-LitSearch/block4_pipeline/data/raw/scopus/B4-Q41.r4.4.3.1/20260930T101629Z"
  },
  {
    "query_id": "B4-Q41.r4.4.3.2",
    "source": "scopus",
    "status": "done",
    "count": 18,
    "hits": 18,
    "log_id": "B4-L00841",
    "run_dir": "/Users/tagir.fabarisov/Documents/SAMP-LitSearch/block4_pipeline/data/raw/scopus/B4-Q41.r4.4.3.2/20260930T101631Z"
  },
  {
    "query_id": "B4-Q41.r4.4.3.3",
    "source": "scopus",
    "status": "done",
    "count": 57,
    "hits": 57,
    "log_id": "B4-L00842",
    "run_dir": "/Users/tagir.fabarisov/Documents/SAMP-LitSearch/block4_pipeline/data/raw/scopus/B4-Q41.r4.4.3.3/20260930T101632Z"
  },
  {
    "query_id": "B4-Q41.r4.4.3.4",
    "source": "scopus",
    "status": "done",
    "count": 212,
    "hits": 212,
    "log_id": "B4-L00843",
    "run_dir": "/Users/tagir.fabarisov/Documents/SAMP-LitSearch/block4_pipeline/data/raw/scopus/B4-Q41.r4.4.3.4/20260930T101635Z"
  },
  {
    "query_id": "B4-Q41.r4.4.3.5",
    "source": "scopus",
    "status": "done",
    "count": 95,
    "hits": 95,
    "log_id": "B4-L00844",
    "run_dir": "/Users/tagir.fabarisov/Documents/SAMP-LitSearch/block4_pipeline/data/raw/scopus/B4-Q41.r4.4.3.5/20260930T101643Z"
  },
  {
    "query_id": "B4-Q41.r4.4.4",
    "source": "scopus",
    "status": "done",
    "count": 10,
    "hits": 10,
    "log_id": "B4-L00845",
    "run_dir": "/Users/tagir.fabarisov/Documents/SAMP-LitSearch/block4_pipeline/data/raw/scopus/B4-Q41.r4.4.4/20260930T101647Z"
  },
  {
    "query_id": "B4-Q41.r4.4.5",
    "source": "scopus",
    "status": "done",
    "count": 1,
    "hits": 1,
    "log_id": "B4-L00846",
    "run_dir": "/Users/tagir.fabarisov/Documents/SAMP-LitSearch/block4_pipeline/data/raw/scopus/B4-Q41.r4.4.5/20260930T101648Z"
  },
  {
    "query_id": "B4-Q41.r4.5",
    "source": "scopus",
    "status": "already_done",
    "log_id": "B4-L00744"
  },
  {
    "query_id": "B4-Q41.r4.6",
    "source": "scopus",
    "status": "already_done",
    "log_id": "B4-L00745"
  },
  {
    "query_id": "B4-Q42",
    "source": "scopus",
    "status": "REFINEMENT_REQUIRED",
    "count": 3278,
    "hits": 0,
    "log_id": "B4-L00847",
    "run_dir": "/Users/tagir.fabarisov/Documents/SAMP-LitSearch/block4_pipeline/data/raw/scopus/B4-Q42/20260930T101649Z"
  },
  {
    "query_id": "B4-Q42.r4.1.2",
    "source": "scopus",
    "status": "done",
    "count": 33,
    "hits": 33,
    "log_id": "B4-L00848",
    "run_dir": "/Users/tagir.fabarisov/Documents/SAMP-LitSearch/block4_pipeline/data/raw/scopus/B4-Q42.r4.1.2/20260930T101650Z"
  },
  {
    "query_id": "B4-Q42.r4.1.3",
    "source": "scopus",
    "status": "done",
    "count": 29,
    "hits": 29,
    "log_id": "B4-L00849",
    "run_dir": "/Users/tagir.fabarisov/Documents/SAMP-LitSearch/block4_pipeline/data/raw/scopus/B4-Q42.r4.1.3/20260930T101652Z"
  },
  {
    "query_id": "B4-Q42.r4.2",
    "source": "scopus",
    "status": "already_done",
    "log_id": "B4-L00747"
  },
  {
    "query_id": "B4-Q42.r4.3",
    "source": "scopus",
    "status": "already_done",
    "log_id": "B4-L00748"
  },
  {
    "query_id": "B4-Q43",
    "source": "scopus",
    "status": "REFINEMENT_REQUIRED",
    "count": 701,
    "hits": 0,
    "log_id": "B4-L00850",
    "run_dir": "/Users/tagir.fabarisov/Documents/SAMP-LitSearch/block4_pipeline/data/raw/scopus/B4-Q43/20260930T101654Z"
  },
  {
    "query_id": "B4-Q43.r2",
    "source": "scopus",
    "status": "already_done",
    "log_id": "B4-L00750"
  },
  {
    "query_id": "B4-Q44",
    "source": "scopus",
    "status": "REFINEMENT_REQUIRED",
    "count": 3755,
    "hits": 0,
    "log_id": "B4-L00851",
    "run_dir": "/Users/tagir.fabarisov/Documents/SAMP-LitSearch/block4_pipeline/data/raw/scopus/B4-Q44/20260930T101654Z"
  },
  {
    "query_id": "B4-Q44.r2",
    "source": "scopus",
    "status": "already_done",
    "log_id": "B4-L00752"
  },
  {
    "query_id": "B4-Q45",
    "source": "scopus",
    "status": "already_done",
    "log_id": "B4-L00570"
  },
  {
    "query_id": "B4-Q46",
    "source": "scopus",
    "status": "REFINEMENT_REQUIRED",
    "count": 14003,
    "hits": 0,
    "log_id": "B4-L00852",
    "run_dir": "/Users/tagir.fabarisov/Documents/SAMP-LitSearch/block4_pipeline/data/raw/scopus/B4-Q46/20260930T101655Z"
  },
  {
    "query_id": "B4-Q46.r3",
    "source": "scopus",
    "status": "already_done",
    "log_id": "B4-L00754"
  },
  {
    "query_id": "B4-Q47",
    "source": "scopus",
    "status": "REFINEMENT_REQUIRED",
    "count": 2018,
    "hits": 0,
    "log_id": "B4-L00853",
    "run_dir": "/Users/tagir.fabarisov/Documents/SAMP-LitSearch/block4_pipeline/data/raw/scopus/B4-Q47/20260930T101656Z"
  },
  {
    "query_id": "B4-Q47.r2",
    "source": "scopus",
    "status": "already_done",
    "log_id": "B4-L00756"
  },
  {
    "query_id": "B4-Q48",
    "source": "scopus",
    "status": "REFINEMENT_REQUIRED",
    "count": 15129,
    "hits": 0,
    "log_id": "B4-L00854",
    "run_dir": "/Users/tagir.fabarisov/Documents/SAMP-LitSearch/block4_pipeline/data/raw/scopus/B4-Q48/20260930T101656Z"
  },
  {
    "query_id": "B4-Q48.r4.1.1",
    "source": "scopus",
    "status": "done",
    "count": 243,
    "hits": 243,
    "log_id": "B4-L00855",
    "run_dir": "/Users/tagir.fabarisov/Documents/SAMP-LitSearch/block4_pipeline/data/raw/scopus/B4-Q48.r4.1.1/20260930T101657Z"
  },
  {
    "query_id": "B4-Q48.r4.2",
    "source": "scopus",
    "status": "already_done",
    "log_id": "B4-L00758"
  },
  {
    "query_id": "B4-Q48.r4.3",
    "source": "scopus",
    "status": "already_done",
    "log_id": "B4-L00759"
  },
  {
    "query_id": "B4-Q48.r4.4",
    "source": "scopus",
    "status": "already_done",
    "log_id": "B4-L00760"
  },
  {
    "query_id": "B4-XC01",
    "source": "scopus",
    "status": "REFINEMENT_REQUIRED",
    "count": 8603,
    "hits": 0,
    "log_id": "B4-L00856",
    "run_dir": "/Users/tagir.fabarisov/Documents/SAMP-LitSearch/block4_pipeline/data/raw/scopus/B4-XC01/20260930T101706Z"
  },
  {
    "query_id": "B4-XC01.r4.1",
    "source": "scopus",
    "status": "already_done",
    "log_id": "B4-L00762"
  },
  {
    "query_id": "B4-XC01.r4.2",
    "source": "scopus",
    "status": "already_done",
    "log_id": "B4-L00763"
  },
  {
    "query_id": "B4-XC01.r4.3",
    "source": "scopus",
    "status": "already_done",
    "log_id": "B4-L00764"
  },
  {
    "query_id": "B4-XC01.r4.4",
    "source": "scopus",
    "status": "already_done",
    "log_id": "B4-L00765"
  },
  {
    "query_id": "B4-XC01.r4.5.1",
    "source": "scopus",
    "status": "done",
    "count": 292,
    "hits": 292,
    "log_id": "B4-L00857",
    "run_dir": "/Users/tagir.fabarisov/Documents/SAMP-LitSearch/block4_pipeline/data/raw/scopus/B4-XC01.r4.5.1/20260930T101706Z"
  },
  {
    "query_id": "B4-XC01.r4.5.2",
    "source": "scopus",
    "status": "done",
    "count": 106,
    "hits": 106,
    "log_id": "B4-L00858",
    "run_dir": "/Users/tagir.fabarisov/Documents/SAMP-LitSearch/block4_pipeline/data/raw/scopus/B4-XC01.r4.5.2/20260930T101717Z"
  },
  {
    "query_id": "B4-XC01.r4.5.3",
    "source": "scopus",
    "status": "done",
    "count": 50,
    "hits": 50,
    "log_id": "B4-L00859",
    "run_dir": "/Users/tagir.fabarisov/Documents/SAMP-LitSearch/block4_pipeline/data/raw/scopus/B4-XC01.r4.5.3/20260930T101721Z"
  },
  {
    "query_id": "B4-XC01.r4.5.4",
    "source": "scopus",
    "status": "done",
    "count": 289,
    "hits": 289,
    "log_id": "B4-L00860",
    "run_dir": "/Users/tagir.fabarisov/Documents/SAMP-LitSearch/block4_pipeline/data/raw/scopus/B4-XC01.r4.5.4/20260930T101723Z"
  },
  {
    "query_id": "B4-XC01.r4.6",
    "source": "scopus",
    "status": "already_done",
    "log_id": "B4-L00766"
  },
  {
    "query_id": "B4-XC01.r4.7",
    "source": "scopus",
    "status": "already_done",
    "log_id": "B4-L00767"
  },
  {
    "query_id": "B4-XC02",
    "source": "scopus",
    "status": "REFINEMENT_REQUIRED",
    "count": 2013,
    "hits": 0,
    "log_id": "B4-L00861",
    "run_dir": "/Users/tagir.fabarisov/Documents/SAMP-LitSearch/block4_pipeline/data/raw/scopus/B4-XC02/20260930T101733Z"
  },
  {
    "query_id": "B4-XC02.r3",
    "source": "scopus",
    "status": "already_done",
    "log_id": "B4-L00769"
  },
  {
    "query_id": "B4-BR01",
    "source": "scopus",
    "status": "already_done",
    "log_id": "B4-L00576"
  },
  {
    "query_id": "B4-BR02",
    "source": "scopus",
    "status": "REFINEMENT_REQUIRED",
    "count": 424,
    "hits": 0,
    "log_id": "B4-L00862",
    "run_dir": "/Users/tagir.fabarisov/Documents/SAMP-LitSearch/block4_pipeline/data/raw/scopus/B4-BR02/20260930T101734Z"
  },
  {
    "query_id": "B4-BR02.r1",
    "source": "scopus",
    "status": "already_done",
    "log_id": "B4-L00771"
  },
  {
    "query_id": "B4-BR03",
    "source": "scopus",
    "status": "REFINEMENT_REQUIRED",
    "count": 376,
    "hits": 0,
    "log_id": "B4-L00863",
    "run_dir": "/Users/tagir.fabarisov/Documents/SAMP-LitSearch/block4_pipeline/data/raw/scopus/B4-BR03/20260930T101734Z"
  },
  {
    "query_id": "B4-BR03.r1",
    "source": "scopus",
    "status": "already_done",
    "log_id": "B4-L00773"
  },
  {
    "query_id": "B4-BR04",
    "source": "scopus",
    "status": "already_done",
    "log_id": "B4-L00579"
  }
]
